[    0.000000] Initializing cgroup subsys cpuset
[    0.000000] Initializing cgroup subsys cpu
[    0.000000] Initializing cgroup subsys cpuacct
[    0.000000] Linux version 4.4.0-66-generic (buildd@lgw01-28) (gcc version 5.4.0 20160609 (Ubuntu 5.4.0-6ubuntu1~16.04.4) ) #87-Ubuntu SMP Fri Mar 3 15:29:05 UTC 2017 (Ubuntu 4.4.0-66.87-generic 4.4.44)
[    0.000000] Command line: BOOT_IMAGE=/boot/vmlinuz-4.4.0-66-generic root=UUID=6253261b-e48e-4737-8257-5509ddd194ea ro console=tty1 console=ttyS0
[    0.000000] KERNEL supported cpus:
[    0.000000]   Intel GenuineIntel
[    0.000000]   AMD AuthenticAMD
[    0.000000]   Centaur CentaurHauls
[    0.000000] x86/fpu: xstate_offset[2]:  576, xstate_sizes[2]:  256
[    0.000000] x86/fpu: Supporting XSAVE feature 0x01: 'x87 floating point registers'
[    0.000000] x86/fpu: Supporting XSAVE feature 0x02: 'SSE registers'
[    0.000000] x86/fpu: Supporting XSAVE feature 0x04: 'AVX registers'
[    0.000000] x86/fpu: Enabled xstate features 0x7, context size is 832 bytes, using 'standard' format.
[    0.000000] x86/fpu: Using 'lazy' FPU context switches.
[    0.000000] e820: BIOS-provided physical RAM map:
[    0.000000] BIOS-e820: [mem 0x0000000000000000-0x000000000009fbff] usable
[    0.000000] BIOS-e820: [mem 0x000000000009fc00-0x000000000009ffff] reserved
[    0.000000] BIOS-e820: [mem 0x00000000000f0000-0x00000000000fffff] reserved
[    0.000000] BIOS-e820: [mem 0x0000000000100000-0x000000003ffeffff] usable
[    0.000000] BIOS-e820: [mem 0x000000003fff0000-0x000000003fffffff] ACPI data
[    0.000000] BIOS-e820: [mem 0x00000000fec00000-0x00000000fec00fff] reserved
[    0.000000] BIOS-e820: [mem 0x00000000fee00000-0x00000000fee00fff] reserved
[    0.000000] BIOS-e820: [mem 0x00000000fffc0000-0x00000000ffffffff] reserved
[    0.000000] NX (Execute Disable) protection: active
[    0.000000] SMBIOS 2.5 present.
[    0.000000] Hypervisor detected: KVM
[    0.000000] e820: last_pfn = 0x3fff0 max_arch_pfn = 0x400000000
[    0.000000] MTRR: Disabled
[    0.000000] x86/PAT: MTRRs disabled, skipping PAT initialization too.
[    0.000000] x86/PAT: Configuration [0-7]: WB  WT  UC- UC  WB  WT  UC- UC  
[    0.000000] CPU MTRRs all blank - virtualized system.
[    0.000000] found SMP MP-table at [mem 0x0009fff0-0x0009ffff] mapped at [ffff88000009fff0]
[    0.000000] Scanning 1 areas for low memory corruption
[    0.000000] RAMDISK: [mem 0x338e4000-0x35c69fff]
[    0.000000] ACPI: Early table checksum verification disabled
[    0.000000] ACPI: RSDP 0x00000000000E0000 000024 (v02 VBOX  )
[    0.000000] ACPI: XSDT 0x000000003FFF0030 00003C (v01 VBOX   VBOXXSDT 00000001 ASL  00000061)
[    0.000000] ACPI: FACP 0x000000003FFF00F0 0000F4 (v04 VBOX   VBOXFACP 00000001 ASL  00000061)
[    0.000000] ACPI: DSDT 0x000000003FFF0470 00210F (v01 VBOX   VBOXBIOS 00000002 INTL 20100528)
[    0.000000] ACPI: FACS 0x000000003FFF0200 000040
[    0.000000] ACPI: FACS 0x000000003FFF0200 000040
[    0.000000] ACPI: APIC 0x000000003FFF0240 00005C (v02 VBOX   VBOXAPIC 00000001 ASL  00000061)
[    0.000000] ACPI: SSDT 0x000000003FFF02A0 0001CC (v01 VBOX   VBOXCPUT 00000002 INTL 20100528)
[    0.000000] No NUMA configuration found
[    0.000000] Faking a node at [mem 0x0000000000000000-0x000000003ffeffff]
[    0.000000] NODE_DATA(0) allocated [mem 0x3ffeb000-0x3ffeffff]
[    0.000000] kvm-clock: Using msrs 4b564d01 and 4b564d00
[    0.000000] kvm-clock: cpu 0, msr 0:3ffe3001, primary cpu clock
[    0.000000] kvm-clock: using sched offset of 5551272968 cycles
[    0.000000] clocksource: kvm-clock: mask: 0xffffffffffffffff max_cycles: 0x1cd42e4dffb, max_idle_ns: 881590591483 ns
[    0.000000] Zone ranges:
[    0.000000]   DMA      [mem 0x0000000000001000-0x0000000000ffffff]
[    0.000000]   DMA32    [mem 0x0000000001000000-0x000000003ffeffff]
[    0.000000]   Normal   empty
[    0.000000]   Device   empty
[    0.000000] Movable zone start for each node
[    0.000000] Early memory node ranges
[    0.000000]   node   0: [mem 0x0000000000001000-0x000000000009efff]
[    0.000000]   node   0: [mem 0x0000000000100000-0x000000003ffeffff]
[    0.000000] Initmem setup node 0 [mem 0x0000000000001000-0x000000003ffeffff]
[    0.000000] ACPI: PM-Timer IO Port: 0x4008
[    0.000000] IOAPIC[0]: apic_id 2, version 32, address 0xfec00000, GSI 0-23
[    0.000000] ACPI: INT_SRC_OVR (bus 0 bus_irq 0 global_irq 2 dfl dfl)
[    0.000000] ACPI: INT_SRC_OVR (bus 0 bus_irq 9 global_irq 9 high level)
[    0.000000] Using ACPI (MADT) for SMP configuration information
[    0.000000] smpboot: Allowing 2 CPUs, 0 hotplug CPUs
[    0.000000] PM: Registered nosave memory: [mem 0x00000000-0x00000fff]
[    0.000000] PM: Registered nosave memory: [mem 0x0009f000-0x0009ffff]
[    0.000000] PM: Registered nosave memory: [mem 0x000a0000-0x000effff]
[    0.000000] PM: Registered nosave memory: [mem 0x000f0000-0x000fffff]
[    0.000000] e820: [mem 0x40000000-0xfebfffff] available for PCI devices
[    0.000000] Booting paravirtualized kernel on KVM
[    0.000000] clocksource: refined-jiffies: mask: 0xffffffff max_cycles: 0xffffffff, max_idle_ns: 7645519600211568 ns
[    0.000000] setup_percpu: NR_CPUS:512 nr_cpumask_bits:512 nr_cpu_ids:2 nr_node_ids:1
[    0.000000] PERCPU: Embedded 33 pages/cpu @ffff88003fc00000 s98264 r8192 d28712 u1048576
[    0.000000] PV qspinlock hash table entries: 256 (order: 0, 4096 bytes)
[    0.000000] Built 1 zonelists in Node order, mobility grouping on.  Total pages: 257913
[    0.000000] Policy zone: DMA32
[    0.000000] Kernel command line: BOOT_IMAGE=/boot/vmlinuz-4.4.0-66-generic root=UUID=6253261b-e48e-4737-8257-5509ddd194ea ro console=tty1 console=ttyS0
[    0.000000] PID hash table entries: 4096 (order: 3, 32768 bytes)
[    0.000000] Memory: 976200K/1048120K available (8452K kernel code, 1293K rwdata, 3980K rodata, 1488K init, 1316K bss, 71920K reserved, 0K cma-reserved)
[    0.000000] SLUB: HWalign=64, Order=0-3, MinObjects=0, CPUs=2, Nodes=1
[    0.000000] Hierarchical RCU implementation.
[    0.000000] 	Build-time adjustment of leaf fanout to 64.
[    0.000000] 	RCU restricting CPUs from NR_CPUS=512 to nr_cpu_ids=2.
[    0.000000] RCU: Adjusting geometry for rcu_fanout_leaf=64, nr_cpu_ids=2
[    0.000000] NR_IRQS:33024 nr_irqs:440 16
[    0.000000] Console: colour VGA+ 80x25
[    0.000000] console [tty1] enabled
[    0.000000] console [ttyS0] enabled
[    0.000000] tsc: Detected 1103.999 MHz processor
[    1.220600] Calibrating delay loop (skipped) preset value.. 2207.99 BogoMIPS (lpj=4415996)
[    1.238837] pid_max: default: 32768 minimum: 301
[    1.240545] ACPI: Core revision 20150930
[    1.243317] ACPI: 2 ACPI AML tables successfully acquired and loaded
[    1.259380] Security Framework initialized
[    1.267021] Yama: becoming mindful.
[    1.269117] AppArmor: AppArmor initialized
[    1.271037] Dentry cache hash table entries: 131072 (order: 8, 1048576 bytes)
[    1.376582] Inode-cache hash table entries: 65536 (order: 7, 524288 bytes)
[    1.430010] Mount-cache hash table entries: 2048 (order: 2, 16384 bytes)
[    1.484149] Mountpoint-cache hash table entries: 2048 (order: 2, 16384 bytes)
[    1.517169] Initializing cgroup subsys io
[    1.580414] Initializing cgroup subsys memory
[    1.589797] Initializing cgroup subsys devices
[    1.652411] Initializing cgroup subsys freezer
[    1.653898] Initializing cgroup subsys net_cls
[    1.666650] Initializing cgroup subsys perf_event
[    1.743498] Initializing cgroup subsys net_prio
[    1.766134] Initializing cgroup subsys hugetlb
[    1.835784] Initializing cgroup subsys pids
[    1.907904] CPU: Physical Processor ID: 0
[    1.990950] CPU: Processor Core ID: 0
[    2.035852] mce: CPU supports 0 MCE banks
[    2.057605] Last level iTLB entries: 4KB 64, 2MB 8, 4MB 8
[    2.076680] Last level dTLB entries: 4KB 64, 2MB 0, 4MB 0, 1GB 4
[    2.093546] Freeing SMP alternatives memory: 32K (ffffffff820b9000 - ffffffff820c1000)
[    2.117209] ftrace: allocating 32123 entries in 126 pages
[    2.183378] smpboot: APIC(0) Converting physical 0 to logical package 0
[    2.185575] smpboot: Max logical packages: 1
[    2.201710] x2apic enabled
[    2.209630] Switched APIC routing to physical x2apic.
[    2.215140] ..TIMER: vector=0x30 apic1=0 pin1=2 apic2=-1 pin2=-1
[    2.324448] smpboot: CPU0: Intel(R) Core(TM) m3-6Y30 CPU @ 0.90GHz (family: 0x6, model: 0x4e, stepping: 0x3)
[    2.331320] Performance Events: unsupported p6 CPU model 78 no PMU driver, software events only.
[    2.342072] KVM setup paravirtual spinlock
[    2.362363] x86: Booting SMP configuration:
[    2.364340] .... node  #0, CPUs:      #1
[    2.374340] kvm-clock: cpu 1, msr 0:3ffe3041, secondary cpu clock
[    2.403223] mce: CPU supports 0 MCE banks
[    2.426687] x86: Booted up 1 node, 2 CPUs
[    2.428519] smpboot: Total of 2 processors activated (4415.99 BogoMIPS)
[    2.431265] devtmpfs: initialized
[    2.436167] evm: security.selinux
[    2.440982] evm: security.SMACK64
[    2.442192] evm: security.SMACK64EXEC
[    2.457222] evm: security.SMACK64TRANSMUTE
[    2.458622] evm: security.SMACK64MMAP
[    2.467769] evm: security.ima
[    2.471295] evm: security.capability
[    2.476180] clocksource: jiffies: mask: 0xffffffff max_cycles: 0xffffffff, max_idle_ns: 7645041785100000 ns
[    2.487434] pinctrl core: initialized pinctrl subsystem
[    2.489542] RTC time: 12:01:56, date: 03/10/17
[    2.493416] NET: Registered protocol family 16
[    2.523810] cpuidle: using governor ladder
[    2.547646] cpuidle: using governor menu
[    2.554911] PCCT header not found.
[    2.561228] ACPI: bus type PCI registered
[    2.571031] acpiphp: ACPI Hot Plug PCI Controller Driver version: 0.5
[    2.573338] PCI: Using configuration type 1 for base access
[    2.593565] ACPI: Added _OSI(Module Device)
[    2.602505] ACPI: Added _OSI(Processor Device)
[    2.604114] ACPI: Added _OSI(3.0 _SCP Extensions)
[    2.611201] ACPI: Added _OSI(Processor Aggregator Device)
[    2.618374] ACPI: Executed 1 blocks of module-level executable AML code
[    2.631437] ACPI: Interpreter enabled
[    2.645105] ACPI: (supports S0 S5)
[    2.646474] ACPI: Using IOAPIC for interrupt routing
[    2.651434] PCI: Using host bridge windows from ACPI; if necessary, use "pci=nocrs" and report a bug
[    2.671059] ACPI: PCI Root Bridge [PCI0] (domain 0000 [bus 00-ff])
[    2.676241] acpi PNP0A03:00: _OSC: OS supports [ASPM ClockPM Segments MSI]
[    2.679416] acpi PNP0A03:00: _OSC failed (AE_NOT_FOUND); disabling ASPM
[    2.685181] acpi PNP0A03:00: fail to add MMCONFIG information, can't access extended PCI configuration space under this bridge.
[    2.692710] PCI host bridge to bus 0000:00
[    2.694459] pci_bus 0000:00: root bus resource [io  0x0000-0x0cf7 window]
[    2.700995] pci_bus 0000:00: root bus resource [io  0x0d00-0xffff window]
[    2.704303] pci_bus 0000:00: root bus resource [mem 0x000a0000-0x000bffff window]
[    2.714206] pci_bus 0000:00: root bus resource [mem 0x40000000-0xffdfffff window]
[    2.727618] pci_bus 0000:00: root bus resource [bus 00-ff]
[    2.732284] pci 0000:00:01.1: legacy IDE quirk: reg 0x10: [io  0x01f0-0x01f7]
[    2.735689] pci 0000:00:01.1: legacy IDE quirk: reg 0x14: [io  0x03f6]
[    2.739326] pci 0000:00:01.1: legacy IDE quirk: reg 0x18: [io  0x0170-0x0177]
[    2.742692] pci 0000:00:01.1: legacy IDE quirk: reg 0x1c: [io  0x0376]
[    2.764744] pci 0000:00:07.0: quirk: [io  0x4000-0x403f] claimed by PIIX4 ACPI
[    2.790576] pci 0000:00:07.0: quirk: [io  0x4100-0x410f] claimed by PIIX4 SMB
[    2.821723] ACPI: PCI Interrupt Link [LNKA] (IRQs 5 9 10 *11)
[    2.834244] ACPI: PCI Interrupt Link [LNKB] (IRQs 5 9 10 *11)
[    2.861725] ACPI: PCI Interrupt Link [LNKC] (IRQs 5 9 *10 11)
[    2.872333] ACPI: PCI Interrupt Link [LNKD] (IRQs 5 *9 10 11)
[    2.878359] ACPI: Enabled 2 GPEs in block 00 to 07
[    2.880709] vgaarb: setting as boot device: PCI:0000:00:02.0
[    2.886862] vgaarb: device added: PCI:0000:00:02.0,decodes=io+mem,owns=io+mem,locks=none
[    2.890255] vgaarb: loaded
[    2.891517] vgaarb: bridge control possible 0000:00:02.0
[    2.896213] SCSI subsystem initialized
[    2.905032] ACPI: bus type USB registered
[    2.915186] usbcore: registered new interface driver usbfs
[    2.921314] usbcore: registered new interface driver hub
[    2.923403] usbcore: registered new device driver usb
[    2.929412] PCI: Using ACPI for IRQ routing
[    2.936396] NetLabel: Initializing
[    2.939406] NetLabel:  domain hash size = 128
[    2.943788] NetLabel:  protocols = UNLABELED CIPSOv4
[    2.945665] NetLabel:  unlabeled traffic allowed by default
[    2.951451] amd_nb: Cannot enumerate AMD northbridges
[    2.954391] clocksource: Switched to clocksource kvm-clock
[    2.973248] AppArmor: AppArmor Filesystem Enabled
[    2.987408] pnp: PnP ACPI init
[    2.989891] pnp: PnP ACPI: found 3 devices
[    3.011844] clocksource: acpi_pm: mask: 0xffffff max_cycles: 0xffffff, max_idle_ns: 2085701024 ns
[    3.016420] NET: Registered protocol family 2
[    3.018194] TCP established hash table entries: 8192 (order: 4, 65536 bytes)
[    3.020409] TCP bind hash table entries: 8192 (order: 5, 131072 bytes)
[    3.022663] TCP: Hash tables configured (established 8192 bind 8192)
[    3.030700] UDP hash table entries: 512 (order: 2, 16384 bytes)
[    3.035243] UDP-Lite hash table entries: 512 (order: 2, 16384 bytes)
[    3.050417] NET: Registered protocol family 1
[    3.061985] pci 0000:00:00.0: Limiting direct PCI/PCI transfers
[    3.065301] pci 0000:00:01.0: Activating ISA DMA hang workarounds
[    3.086384] Trying to unpack rootfs image as initramfs...
[    4.274718] Freeing initrd memory: 36376K (ffff8800338e4000 - ffff880035c6a000)
[    4.514549] platform rtc_cmos: registered platform RTC device (no PNP device found)
[    4.559396] Scanning for low memory corruption every 60 seconds
[    4.580740] futex hash table entries: 512 (order: 3, 32768 bytes)
[    4.606197] audit: initializing netlink subsys (disabled)
[    4.635937] audit: type=2000 audit(1489147323.373:1): initialized
[    4.646146] Initialise system trusted keyring
[    4.677657] HugeTLB registered 2 MB page size, pre-allocated 0 pages
[    4.705336] zbud: loaded
[    4.722326] VFS: Disk quotas dquot_6.6.0
[    4.725785] VFS: Dquot-cache hash table entries: 512 (order 0, 4096 bytes)
[    4.743147] squashfs: version 4.0 (2009/01/31) Phillip Lougher
[    4.748727] fuse init (API version 7.23)
[    4.753834] Key type big_key registered
[    4.756923] Allocating IMA MOK and blacklist keyrings.
[    4.775189] Key type asymmetric registered
[    4.783373] Asymmetric key parser 'x509' registered
[    4.809661] Block layer SCSI generic (bsg) driver version 0.4 loaded (major 249)
[    4.837373] io scheduler noop registered
[    4.862986] io scheduler deadline registered (default)
[    4.884229] io scheduler cfq registered
[    4.911783] pci_hotplug: PCI Hot Plug PCI Core version: 0.5
[    4.976807] pciehp: PCI Express Hot Plug Controller Driver version: 0.4
[    5.043481] ACPI: AC Adapter [AC] (off-line)
[    5.048372] input: Power Button as /devices/LNXSYSTM:00/LNXPWRBN:00/input/input0
[    5.069902] ACPI: Power Button [PWRF]
[    5.077162] input: Sleep Button as /devices/LNXSYSTM:00/LNXSLPBN:00/input/input1
[    5.082640] ACPI: Sleep Button [SLPF]
[    5.100556] GHES: HEST is not enabled!
[    5.101057] ACPI: Battery Slot [BAT0] (battery present)
[    5.289208] Serial: 8250/16550 driver, 32 ports, IRQ sharing enabled
[    5.331223] 00:02: ttyS0 at I/O 0x3f8 (irq = 4, base_baud = 115200) is a 16550A
[    5.345728] Linux agpgart interface v0.103
[    5.374447] brd: module loaded
[    5.383811] loop: module loaded
[    5.398163] scsi host0: ata_piix
[    5.404944] scsi host1: ata_piix
[    5.413105] ata1: PATA max UDMA/33 cmd 0x1f0 ctl 0x3f6 bmdma 0xd000 irq 14
[    5.457096] ata2: PATA max UDMA/33 cmd 0x170 ctl 0x376 bmdma 0xd008 irq 15
[    5.474511] libphy: Fixed MDIO Bus: probed
[    5.478746] tun: Universal TUN/TAP device driver, 1.6
[    5.481155] tun: (C) 1999-2004 Max Krasnyansky <maxk@qualcomm.com>
[    5.516600] tsc: Refined TSC clocksource calibration: 1103.756 MHz
[    5.516604] clocksource: tsc: mask: 0xffffffffffffffff max_cycles: 0xfe8f58e1b5, max_idle_ns: 440795227371 ns
[    5.561618] PPP generic driver version 2.4.2
[    5.569188] ehci_hcd: USB 2.0 'Enhanced' Host Controller (EHCI) Driver
[    5.572967] ehci-pci: EHCI PCI platform driver
[    5.574721] ehci-platform: EHCI generic platform driver
[    5.586497] ohci_hcd: USB 1.1 'Open' Host Controller (OHCI) Driver
[    5.597004] ohci-pci: OHCI PCI platform driver
[    5.598702] ohci-platform: OHCI generic platform driver
[    5.606209] uhci_hcd: USB Universal Host Controller Interface driver
[    5.608654] i8042: PNP: PS/2 Controller [PNP0303:PS2K,PNP0f03:PS2M] at 0x60,0x64 irq 1,12
[    5.613801] serio: i8042 KBD port at 0x60,0x64 irq 1
[    5.616141] serio: i8042 AUX port at 0x60,0x64 irq 12
[    5.627021] mousedev: PS/2 mouse device common for all mice
[    5.632332] input: AT Translated Set 2 keyboard as /devices/platform/i8042/serio0/input/input2
[    5.645518] rtc_cmos rtc_cmos: rtc core: registered rtc_cmos as rtc0
[    5.655274] rtc_cmos rtc_cmos: alarms up to one day, 114 bytes nvram
[    5.659947] i2c /dev entries driver
[    5.661324] device-mapper: uevent: version 1.0.3
[    5.665183] device-mapper: ioctl: 4.34.0-ioctl (2015-10-28) initialised: dm-devel@redhat.com
[    5.678993] ledtrig-cpu: registered to indicate activity on CPUs
[    5.685286] NET: Registered protocol family 10
[    5.689591] NET: Registered protocol family 17
[    5.692668] Key type dns_resolver registered
[    5.695368] microcode: CPU0 sig=0x406e3, pf=0x2, revision=0x0
[    5.699633] microcode: CPU1 sig=0x406e3, pf=0x2, revision=0x0
[    5.704372] microcode: Microcode Update Driver: v2.01 <tigran@aivazian.fsnet.co.uk>, Peter Oruba
[    5.708825] registered taskstats version 1
[    5.713739] Loading compiled-in X.509 certificates
[    5.717831] Loaded X.509 cert 'Build time autogenerated kernel key: 32ca4feee90b5cde51f5f8c0e024b22f8c679982'
[    5.724641] zswap: loaded using pool lzo/zbud
[    5.736251] Key type trusted registered
[    5.748852] Key type encrypted registered
[    5.765179] AppArmor: AppArmor sha1 policy hashing enabled
[    5.768369] ima: No TPM chip found, activating TPM-bypass!
[    5.781891] evm: HMAC attrs: 0x1
[    5.793841]   Magic number: 9:963:25
[    5.804010] rtc_cmos rtc_cmos: setting system clock to 2017-03-10 12:01:59 UTC (1489147319)
[    5.829634] BIOS EDD facility v0.16 2004-Jun-25, 0 devices found
[    5.834139] EDD information not available.
[    5.846512] Freeing unused kernel memory: 1488K (ffffffff81f45000 - ffffffff820b9000)
[    5.859251] Write protecting the kernel read-only data: 14336k
[    5.864277] Freeing unused kernel memory: 1776K (ffff880001844000 - ffff880001a00000)
[    5.867575] Freeing unused kernel memory: 116K (ffff880001de3000 - ffff880001e00000)
Loading, please wait...
starting version[    5.898224] random: systemd-udevd: uninitialized urandom read (16 bytes read, 5 bits of entropy available)
 229
[    5.898989] random: udevadm: uninitialized urandom read (16 bytes read, 5 bits of entropy available)
[    5.899034] random: udevadm: uninitialized urandom read (16 bytes read, 5 bits of entropy available)
[    5.899171] random: udevadm: uninitialized urandom read (16 bytes read, 5 bits of entropy available)
[    5.899221] random: udevadm: uninitialized urandom read (16 bytes read, 5 bits of entropy available)
[    5.899271] random: udevadm: uninitialized urandom read (16 bytes read, 5 bits of entropy available)
[    5.899319] random: udevadm: uninitialized urandom read (16 bytes read, 5 bits of entropy available)
[    5.899364] random: udevadm: uninitialized urandom read (16 bytes read, 5 bits of entropy available)
[    5.899409] random: udevadm: uninitialized urandom read (16 bytes read, 5 bits of entropy available)
[    5.899454] random: udevadm: uninitialized urandom read (16 bytes read, 5 bits of entropy available)
[    5.987882] ACPI: Video Device [GFX0] (multi-head: yes  rom: no  post: no)
[    6.039204] input: Video Bus as /devices/LNXSYSTM:00/LNXSYBUS:00/PNP0A03:00/LNXVIDEO:00/input/input4
[    6.096155] FUJITSU Extended Socket Network Device Driver - version 1.0 - Copyright (c) 2015 FUJITSU LIMITED
[    6.124914] e1000: Intel(R) PRO/1000 Network Driver - version 7.3.21-k8-NAPI
[    6.135131] e1000: Copyright (c) 1999-2006 Intel Corporation.
[    6.165993] Fusion MPT base driver 3.04.20
[    6.178448] Copyright (c) 1999-2008 LSI Corporation
[    6.191940] Fusion MPT SPI Host driver 3.04.20
[    6.312289] AVX version of gcm_enc/dec engaged.
[    6.325157] AES CTR mode by8 optimization enabled
[    6.364153] input: ImExPS/2 Generic Explorer Mouse as /devices/platform/i8042/serio1/input/input5
[    6.754520] e1000 0000:00:03.0 eth0: (PCI:33MHz:32-bit) 02:f3:d6:4a:16:a4
[    6.764307] e1000 0000:00:03.0 eth0: Intel(R) PRO/1000 Network Connection
[    6.773178] mptbase: ioc0: Initiating bringup
[    6.775703] e1000 0000:00:03.0 enp0s3: renamed from eth0
[    6.854154] ioc0: LSI53C1030 A0: Capabilities={Initiator}
[    7.046238] scsi host2: ioc0: LSI53C1030 A0, FwRev=00000000h, Ports=1, MaxQ=256, IRQ=20
[    7.199819] scsi 2:0:0:0: Direct-Access     VBOX     HARDDISK         1.0  PQ: 0 ANSI: 5
[    7.276540] scsi target2:0:0: Beginning Domain Validation
[    7.285023] scsi target2:0:0: Domain Validation skipping write tests
[    7.288965] scsi target2:0:0: Ending Domain Validation
[    7.292646] scsi target2:0:0: asynchronous
[    7.295008] scsi 2:0:1:0: Direct-Access     VBOX     HARDDISK         1.0  PQ: 0 ANSI: 5
[    7.339586] scsi target2:0:1: Beginning Domain Validation
[    7.344026] scsi target2:0:1: Domain Validation skipping write tests
[    7.348387] scsi target2:0:1: Ending Domain Validation
[    7.353352] scsi target2:0:1: asynchronous
[    7.366221] sd 2:0:0:0: [sda] 20971520 512-byte logical blocks: (10.7 GB/10.0 GiB)
[    7.374558] sd 2:0:0:0: Attached scsi generic sg0 type 0
[    7.392607] sd 2:0:0:0: [sda] Write Protect is off
[    7.400422] sd 2:0:1:0: Attached scsi generic sg1 type 0
[    7.400506] sd 2:0:1:0: [sdb] 20480 512-byte logical blocks: (10.5 MB/10.0 MiB)
[    7.400752] sd 2:0:1:0: [sdb] Write Protect is off
[    7.400887] sd 2:0:1:0: [sdb] Incomplete mode parameter data
[    7.400889] sd 2:0:1:0: [sdb] Assuming drive cache: write through
[    7.401285] sd 2:0:0:0: [sda] Incomplete mode parameter data
[    7.401288] sd 2:0:0:0: [sda] Assuming drive cache: write through
[    7.430803]  sda: sda1
[    7.432689] sd 2:0:0:0: [sda] Attached SCSI disk
[    7.432948] sd 2:0:1:0: [sdb] Attached SCSI disk
[    9.143604] floppy0: no floppy controllers found
Begin: Loading essential drivers ... [   10.806366] md: linear personality registered for level -1
[   10.822701] md: multipath personality registered for level -4
[   10.846160] md: raid0 personality registered for level 0
[   10.858627] md: raid1 personality registered for level 1
[   10.950602] raid6: sse2x1   gen()  3056 MB/s
[   11.034551] raid6: sse2x1   xor()  2000 MB/s
[   11.122881] raid6: sse2x2   gen()  5056 MB/s
[   11.194502] raid6: sse2x2   xor()  3963 MB/s
[   11.270593] raid6: sse2x4   gen()  4163 MB/s
[   11.382939] raid6: sse2x4   xor()  1052 MB/s
[   11.414391] raid6: using algorithm sse2x2 gen() 5056 MB/s
[   11.441675] raid6: .... xor() 3963 MB/s, rmw enabled
[   11.453958] raid6: using ssse3x2 recovery algorithm
[   11.500631] xor: automatically using best checksumming function:
[   11.567486]    avx       : 10663.000 MB/sec
[   11.583544] async_tx: api initialized (async)
[   11.635813] md: raid6 personality registered for level 6
[   11.662143] md: raid5 personality registered for level 5
[   11.716658] md: raid4 personality registered for level 4
[   11.763829] md: raid10 personality registered for level 10
done.
Begin: Running /scripts/init-premount ... done.
Begin: Mounting root file system ... Begin: Running /scripts/local-top ... done.
Begin: Running /scripts/local-premount ... [   11.843365] Btrfs loaded
Scanning for Btrfs filesystems
done.
Warning: fsck not present, so skipping root file[   11.944064] EXT4-fs (sda1): mounted filesystem with ordered data mode. Opts: (null)
 system
done.
Begin: Running /scripts/local-bottom ... done.
Begin: Running /scripts/init-bottom ... done.
[   12.186734] systemd[1]: systemd 229 running in system mode. (+PAM +AUDIT +SELINUX +IMA +APPARMOR +SMACK +SYSVINIT +UTMP +LIBCRYPTSETUP +GCRYPT +GNUTLS +ACL +XZ -LZ4 +SECCOMP +BLKID +ELFUTILS +KMOD -IDN)
[   12.265295] systemd[1]: Detected virtualization oracle.
[   12.269373] systemd[1]: Detected architecture x86-64.

Welcome to [1mUbuntu 16.04.2 LTS[0m!

[   12.289789] systemd[1]: Set hostname to <ubuntu-xenial>.
[   12.549736] systemd[1]: Listening on LVM2 metadata daemon socket.
[[0;32m  OK  [0m] Listening on LVM2 metadata daemon socket.
[   12.565388] systemd[1]: Listening on LVM2 poll daemon socket.
[[0;32m  OK  [0m] Listening on LVM2 poll daemon socket.
[   12.583020] systemd[1]: Listening on udev Kernel Socket.
[[0;32m  OK  [0m] Listening on udev Kernel Socket.
[   12.601511] systemd[1]: Listening on Device-mapper event daemon FIFOs.
[[0;32m  OK  [0m] Listening on Device-mapper event daemon FIFOs.
[   12.608519] systemd[1]: Started Forward Password Requests to Wall Directory Watch.
[[0;32m  OK  [0m] Started Forward Password Requests to Wall Directory Watch.
[   12.627052] systemd[1]: Listening on /dev/initctl Compatibility Named Pipe.
[[0;32m  OK  [0m] Listening on /dev/initctl Compatibility Named Pipe.
[   12.637830] systemd[1]: Listening on udev Control Socket.
[[0;32m  OK  [0m] Listening on udev Control Socket.
[   12.643497] systemd[1]: Listening on Journal Socket.
[[0;32m  OK  [0m] Listening on Journal Socket.
[   12.655192] systemd[1]: Set up automount Arbitrary Executable File Formats File System Automount Point.
[[0;32m  OK  [0m] Set up automount Arbitrary Executab...ats File System Automount Point.
[   12.672547] systemd[1]: Listening on Journal Audit Socket.
[[0;32m  OK  [0m] Listening on Journal Audit Socket.
[   12.699192] systemd[1]: Listening on Syslog Socket.
[[0;32m  OK  [0m] Listening on Syslog Socket.
[   12.771311] systemd[1]: Reached target Swap.
[[0;32m  OK  [0m] Reached target Swap.
[   12.816024] systemd[1]: Reached target User and Group Name Lookups.
[[0;32m  OK  [0m] Reached target User and Group Name Lookups.
[   12.851145] systemd[1]: Listening on Journal Socket (/dev/log).
[[0;32m  OK  [0m] Listening on Journal Socket (/dev/log).
[   12.895391] systemd[1]: Created slice System Slice.
[[0;32m  OK  [0m] Created slice System Slice.
[   12.939270] systemd[1]: Starting Set console keymap...
         Starting Set console keymap...
[   13.062691] systemd[1]: Starting Nameserver information manager...
         Starting Nameserver information manager...
[   13.151137] systemd[1]: Starting Monitoring of LVM2 mirrors, snapshots etc. using dmeventd or progress polling...
[   13.153071] random: nonblocking pool is initialized
         Starting Monitoring of LVM2 mirrors... dmeventd or progress polling...
[   13.198125] systemd[1]: Starting Journal Service...
         Starting Journal Service...
[   13.219993] systemd[1]: Mounting Debug File System...
         Mounting Debug File System...
[   13.242297] systemd[1]: Mounting Huge Pages File System...
         Mounting Huge Pages File System...
[   13.267701] systemd[1]: Starting Create list of required static device nodes for the current kernel...
         Starting Create list of required st... nodes for the current kernel...
[   13.315059] systemd[1]: Starting Remount Root and Kernel File Systems...
         Startin[   13.323706] EXT4-fs (sda1): re-mounted. Opts: (null)
g Remount Root and Kernel File Systems...
[   13.345760] systemd[1]: Created slice system-serial\x2dgetty.slice.
[[0;32m  OK  [0m] Created slice system-serial\x2dgetty.slice.
[   13.374799] systemd[1]: Starting Uncomplicated firewall...
         Starting Uncomplicated firewall...
[   13.396778] systemd[1]: Starting Load Kernel Modules...
[   13.434798] Loading iSCSI transport class v2.0-870.
         Starting Load Kernel Modules...
[   13.453416] iscsi: registered transport (tcp)
[   13.474586] systemd[1]: Mounting POSIX Message Queue File System...
         Mounting POSIX Message Queue File System...
[   13.493261] systemd[1]: Reached target Encrypted Volumes.
[[0;32m  OK  [0m] Reached target Encrypted Volumes.
[   13.519617] systemd[1]: Created slice User and Session Slice.
[   13.526481] iscsi: registered transport (iser)
[[0;32m  OK  [0m] Created slice User and Session Slice.
[   13.575084] systemd[1]: Reached target Slices.
[[0;32m  OK  [0m] Reached target Slices.
[   13.615772] systemd[1]: Mounted Debug File System.
[[0;32m  OK  [0m] Mounted Debug File System.
[   13.634987] systemd[1]: Mounted Huge Pages File System.
[[0;32m  OK  [0m] Mounted Huge Pages File System.
[   13.650007] systemd[1]: Mounted POSIX Message Queue File System.
[[0;32m  OK  [0m] Mounted POSIX Message Queue File System.
[   13.682506] systemd[1]: Started Journal Service.
[[0;32m  OK  [0m] Started Journal Service.
[[0;32m  OK  [0m] Started Set console keymap.
[[0;32m  OK  [0m] Started Create list of required sta...ce nodes for the current kernel.
[[0;32m  OK  [0m] Started Remount Root and Kernel File Systems.
[[0;32m  OK  [0m] Started Uncomplicated firewall.
[[0;32m  OK  [0m] Started Load Kernel Modules.
[[0;32m  OK  [0m] Started Nameserver information manager.
[[0;32m  OK  [0m] Started LVM2 metadata daemon.
         Starting Apply Kernel Variables...
         Mounting FUSE Control File System...
         Starting udev Coldplug all Devices...
         Starting Load/Save Random Seed...
         Starting Initial cloud-init job (pre-networking)...
         Starting Create Static Device Nodes in /dev...
         Starting Flush Journal to Persistent Storage...
[[0;32m  OK  [0m] Mounted FUSE Control File System.
[[0;32m  OK  [0m] Started Monitoring of LVM2 mirrors,...ng dmeventd or progress polling.
[[0;32m  OK  [0m] Started Apply Kernel Variables.
[[0;32m  OK  [0m] Started Load/Save Random Seed.
[[0;32m  OK  [0m] Started Create Static Device Nodes in /dev.
[[0;32m  OK  [0m] Started udev Coldplug all Devices.
[[0;32m  OK  [0m] Started Flush Journal to Persistent Storage.
         Starting udev Kernel Device Manager...
[[0;32m  OK  [0m] Started udev Kernel Device Manager.
[[0;32m  OK  [0m] Started Dispatch Password Requests to Console Directory Watch.
[[0;32m  OK  [0m] Reached target Local File Systems (Pre).
[[0;32m  OK  [0m] Reached target Local File Systems.
         Starting Create Volatile Files and Directories...
         Starting Tell Plymouth To Write Out Runtime Data...
         Starting Set console font and keymap...
         Starting LSB: AppArmor initialization...
[[0;32m  OK  [0m] Started Tell Plymouth To Write Out Runtime Data.
[[0;32m  OK  [0m] Started LSB: AppArmor initialization.
[[0;32m  OK  [0m] Started Create Volatile Files and Directories.
[   16.046445] intel_rapl: no valid rapl domains found in package 0
[[0;32m  OK  [0m] Reached target System Time Synchronized.
         Starting Update UTMP about System Boot/Shutdown...
[[0;32m  OK  [0m] Found device /dev/ttyS0.
[[0;32m  OK  [0m] Started Update UTMP about System Boot/Shutdown.
[[0;32m  OK  [0m] Started Set console font and keymap.
[[0;32m  OK  [0m] Created slice system-getty.slice.
[[0;32m  OK  [0m] Found device 82540EM Gigabit Ethern...r (PRO/1000 MT Desktop Adapter).
[[0;32m  OK  [0m] Listening on Load/Save RF Kill Switch Status /dev/rfkill Watch.
[[0;32m  OK  [0m] Reached target Sound Card.
[   15.999785] cloud-init[495]: Cloud-init v. 0.7.9 running 'init-local' at Fri, 10 Mar 2017 12:02:11 +0000. Up 15.14 seconds.
[[0;32m  OK  [0m] Started Initial cloud-init job (pre-networking).
[[0;32m  OK  [0m] Reached target Network (Pre).
[[0;32m  OK  [0m] Started ifup for enp0s3.
         Starting Raise network interfaces...
[[0;32m  OK  [0m] Started Raise network interfaces.
         Starting Initial cloud-init job (metadata service crawler)...
[[0;32m  OK  [0m] Reached target Network.
[   18.266074] cloud-init[1084]: Cloud-init v. 0.7.9 running 'init' at Fri, 10 Mar 2017 12:02:13 +0000. Up 17.35 seconds.
[   18.328925] cloud-init[1084]: ci-info: +++++++++++++++++++++++++++++++++++++Net device info++++++++++++++++++++++++++++++++++++++
[   18.356125] [cloud-init[0;32m  OK  [0m[1084]: ] ci-info: +--------+------+----------------------------+---------------+-------+-------------------+Started Initial cloud-init job (metadata service crawler).

[   18.357000] cloud-init[1084]: ci-info: | Device |  Up  |          Address           |      Mask     | Scope |     Hw-Address    |
[   18.428641] cloud-init[1084]: ci-info: +--------+------+----------------------------+---------------+-------+-------------------+
[   18.468483] cloud-init[1084]: ci-info: | enp0s3 | True |         10.0.2.15          | 255.255.255.0 |   .   | 02:f3:d6:4a:16:a4 |
[   18.518269] cloud-init[1084]: ci-info: | enp0s3 | True | fe80::f3:d6ff:fe4a:16a4/64 |       .       |  link | 02:f3:d6:4a:16:a4 |
[   18.544348] cloud-init[1084]: ci-info: |   lo   | True |         127.0.0.1          |   255.0.0.0   |   .   |         .         |
[[0;32m  OK  [0m] Reached target System Initialization.
         Starting Docker Socket for the API.
[   18.562975] cloud-init[1084]: ci-info: |   lo   | True |          ::1/128           |       .       |  host |         .         |
[   18.664557] cloud-init[1084]: ci-info: +--------+------+----------------------------+---------------+-------+-------------------+
[[0;32m  OK  [0m] Listening on ACPID Listen Socket.
[   18.707805] cloud-init[1084]: ci-info: +++++++++++++++++++++++++++Route IPv4 info++++++++++++++++++++++++++++
[   18.754852] cloud-init[1084]: ci-info: +-------+-------------+----------+---------------+-----------+-------+
         Starting LXD - unix socket.
[[0;32m  OK  [0m] Started Trigger resolvconf update for networkd DNS.
[[0;32m  OK  [0m] Listening on UUID daemon activation socket.
[   18.763847] cloud-init[1084]: ci-info: | Route | Destination | Gateway  |    Genmask    | Interface | Flags |
[[0;32m  OK  [0m] Started ACPI Events Check.
[   18.835220] cloud-init[1084]: ci-info: +-------+-------------+----------+---------------+-----------+-------+
[   18.868425] cloud-init[1084]: ci-info: |   0   |   0.0.0.0   | 10.0.2.2 |    0.0.0.0    |   enp0s3  |   UG  |
[   18.868500] cloud-init[1084]: ci-info: |   1   |   10.0.2.0  | 0.0.0.0  | 255.255.255.0 |   enp0s3  |   U   |
[   18.868564] cloud-init[1084]: ci-info: +-------+-------------+----------+---------------+-----------+-------+
[[0;32m  OK  [0m] Reached target Paths.
[[0;32m  OK  [0m] Started Daily Cleanup of Temporary Directories.
[[0;32m  OK  [0m] Started Daily apt activities.
[[0;32m  OK  [0m] Listening on D-Bus System Message Bus Socket.
[[0;32m  OK  [0m] Started Timer to automatically refresh installed snaps.
[[0;32m  OK  [0m] Reached target Timers.
         Starting Socket activation for snappy daemon.
[[0;32m  OK  [0m] Reached target Network is Online.
         Starting iSCSI initiator daemon (iscsid)...
[[0;32m  OK  [0m] Reached target Cloud-config availability.
[[0;32m  OK  [0m] Listening on Docker Socket for the API.
[[0;32m  OK  [0m] Listening on LXD - unix socket.
[[0;32m  OK  [0m] Listening on Socket activation for snappy daemon.
[[0;32m  OK  [0m] Started iSCSI initiator daemon (iscsid).
         Starting Login to default iSCSI targets...
[[0;32m  OK  [0m] Reached target Sockets.
[[0;32m  OK  [0m] Reached target Basic System.
[[0;32m  OK  [0m] Started Regular background program processing daemon.
[[0;32m  OK  [0m] Started FUSE filesystem for LXC.
         Starting LSB: Record successful boot for GRUB...
         Starting Thermal Daemon Service...
         Starting Accounts Service...
         Starting LXD - container startup/shutdown...
         Starting /etc/rc.local Compatibility...
         Starting Apply the settings specified in cloud-config...
         Starting System Logging Service...
         Starting LSB: MD monitoring daemon...
[[0;32m  OK  [0m] Started ACPI event daemon.
[[0;32m  OK  [0m] Started Deferred execution scheduler.
[[0;32m  OK  [0m] Started D-Bus System Message Bus.
[[0;32m  OK  [0m] Started Thermal Daemon Service.
         Starting OpenBSD Secure Shell server...
         Starting Login Service...
[[0;32m  OK  [0m] Started Snappy daemon.
         Starting Auto import assertions from block devices...
         Starting Docker Application Container Engine...
[[0;32m  OK  [0m] Started System Logging Service.
[[0;32m  OK  [0m] Started OpenBSD Secure Shell server.
[[0;32m  OK  [0m] Started LXD - container startup/shutdown.
[[0;32m  OK  [0m] Started /etc/rc.local Compatibility.
[[0;32m  OK  [0m] Started Auto import assertions from block devices.
[[0;32m  OK  [0m] Started LSB: Record successful boot for GRUB.
[[0;32m  OK  [0m] Started Login to default iSCSI targets.
[[0;32m  OK  [0m] Started LSB: MD monitoring daemon.
[[0;32m  OK  [0m] Started Login Service.
         Starting Authenticate and Authorize Users to Run Privileged Tasks...
[[0;32m  OK  [0m] Reached target Remote File Systems (Pre).
[[0;32m  OK  [0m] Reached target Remote File Systems.
         Starting LSB: automatic crash report generation...
         Starting LSB: VirtualBox Linux Additions...
         Starting LSB: Set the CPU Frequency Scaling governor to "ondemand"...
         Starting LSB: Set up cgroupfs mounts....
         Starting Permit User Sessions...
         Starting LSB: daemon to balance interrupts for SMP systems...
[[0;32m  OK  [0m] Started LSB: Set up cgroupfs mounts..
[[0;32m  OK  [0m] Started Permit User Sessions.
[[0;32m  OK  [0m] Started Authenticate and Authorize Users to Run Privileged Tasks.
[   20.573161] cloud-init[1165]: Cloud-init v. 0.7.9 running 'modules:config' at Fri, 10 Mar 2017 12:02:16 +0000. Up 20.35 seconds.
[[0;32m  OK  [0m] Started Accounts Service.
[[0;32m  OK  [0m] Started Apply the settings specified in cloud-config.
[[0;32m  OK  [0m] Started LSB: Set the CPU Frequency Scaling governor to "ondemand".
[[0;32m  OK  [0m] Started LSB: automatic crash report generation.
         Starting Terminate Plymouth Boot Screen...
         Starting Hold until boot process finishes up...
[[0;32m  OK  [0m] Started LSB: VirtualBox Linux Additions.
[[0;32m  OK  [0m] Started LSB: daemon to balance interrupts for SMP systems.
[[0;32m  OK  [0m] Started Terminate Plymouth Boot Screen.
[[0;32m  OK  [0m] Started Hold until boot process finishes up.
[[0;32m  OK  [0m] Started Serial Getty on ttyS0.
         Starting Set console scheme...
[[0;32m  OK  [0m] Started Getty on tty1.
[[0;32m  OK  [0m] Reached target Login Prompts.
[[0;32m  OK  [0m] Started Set console scheme.
[[0;32m  OK  [0m] Started Docker Application Container Engine.
[[0;32m  OK  [0m] Reached target Multi-User System.
         Starting Execute cloud user/final scripts...
[[0;32m  OK  [0m] Reached target Graphical Interface.
         Starting Update UTMP about System Runlevel Changes...
[[0;32m  OK  [0m] Started Update UTMP about System Runlevel Changes.
[   22.997833] cloud-init[1568]: Cloud-init v. 0.7.9 running 'modules:final' at Fri, 10 Mar 2017 12:02:18 +0000. Up 22.84 seconds.
[   23.085789] [cloud-init[0;32m  OK  [0m[1568]: ] Cloud-init v. 0.7.9 finished at Fri, 10 Mar 2017 12:02:19 +0000. Datasource DataSourceNoCloud [seed=/dev/sdb][dsmode=net].  Up 22.98 secondsStarted Execute cloud user/final scripts.

[[0;32m  OK  [0m] Reached target Cloud-init target.

Ubuntu 16.04.2 LTS ubuntu-xenial ttyS0

ubuntu-xenial login: 